// Jest Snapshot v1, https://goo.gl/fbAQLP

exports[`Form snapshot 1`] = `
<DocumentFragment>
  <form
    class="formmes"
  >
    <div
      class="wrap"
    >
      <input
        class="formmesInput"
        type="text"
        value=""
      />
      <button
        class="formmesBtn"
        disabled=""
        type="submit"
      >
        Отправить
      </button>
    </div>
  </form>
</DocumentFragment>
`;

exports[`Form snapshot 2`] = `
<DocumentFragment>
  <form
    class="formmes"
  >
    <div
      class="wrap"
    >
      <input
        class="formmesInput"
        type="text"
        value=""
      />
      <button
        class="formmesBtn"
        disabled=""
        type="submit"
      >
        Отправить
      </button>
    </div>
  </form>
</DocumentFragment>
`;
